{
  "op": "list",
  "status": "ok",
  "npcs": [
    {
      "npcId": "test_npc",
      "name": "Test NPC",
      "position": {
        "x": 100,
        "y": 200
      },
      "stats": {
        "health": 100,
        "mana": 50
      }
    }
  ]
}