{
  "op": "scenario",
  "status": "ok",
  "name": "TopplerDemoPure",
  "timeline": [
    { "t": 0,   "position": { "x": 0, "y": -1.5 }, "velocity": { "x": 0, "y": 0 },    "collided": false },
    { "t": 0.5, "position": { "x": 0, "y": -0.28 }, "velocity": { "x": 0, "y": 4.91 }, "collided": false },
    { "t": 1,   "position": { "x": 0, "y": 0 },    "velocity": { "x": 0, "y": 0 },    "collided": true }
  ],
  "issues": []
}
